Sketch uses 1368083 bytes (104%) of program storage space. Maximum is 1310720 bytes.
Sketch too big; see https://support.arduino.cc/hc/en-us/articles/360013825179 for tips on reducing it.
Global variables use 94344 bytes (28%) of dynamic memory, leaving 233336 bytes for local variables. Maximum is 327680 bytes.

[92mUsed library[0m            [92mVersion[0m [90mPath[0m
[93mArduinoJson[0m             7.4.2   [90mC:\Users\User\OneDrive\Documentos\Arduino\libraries\ArduinoJson[0m
[93mArduinoOTA[0m              3.3.0   [90mC:\Users\User\AppData\Local\Arduino15\packages\esp32\hardware\esp32\3.3.0\libraries\ArduinoOTA[0m
Error during build: text section exceeds available space in board
[93mNetworking[0m              3.3.0   [90mC:\Users\User\AppData\Local\Arduino15\packages\esp32\hardware\esp32\3.3.0\libraries\Network[0m
[93mUpdate[0m                  3.3.0   [90mC:\Users\User\AppData\Local\Arduino15\packages\esp32\hardware\esp32\3.3.0\libraries\Update[0m
[93mWiFi[0m                    3.3.0   [90mC:\Users\User\AppData\Local\Arduino15\packages\esp32\hardware\esp32\3.3.0\libraries\WiFi[0m
[93mSPIFFS[0m                  3.3.0   [90mC:\Users\User\AppData\Local\Arduino15\packages\esp32\hardware\esp32\3.3.0\libraries\SPIFFS[0m
[93mFS[0m                      3.3.0   [90mC:\Users\User\AppData\Local\Arduino15\packages\esp32\hardware\esp32\3.3.0\libraries\FS[0m
[93mHTTPClient[0m              3.3.0   [90mC:\Users\User\AppData\Local\Arduino15\packages\esp32\hardware\esp32\3.3.0\libraries\HTTPClient[0m
[93mNetworkClientSecure[0m     3.3.0   [90mC:\Users\User\AppData\Local\Arduino15\packages\esp32\hardware\esp32\3.3.0\libraries\NetworkClientSecure[0m
[93mPreferences[0m             3.3.0   [90mC:\Users\User\AppData\Local\Arduino15\packages\esp32\hardware\esp32\3.3.0\libraries\Preferences[0m
[93mAdafruit GFX Library[0m    1.12.2  [90mC:\Users\User\OneDrive\Documentos\Arduino\libraries\Adafruit_GFX_Library[0m
[93mAdafruit BusIO[0m          1.17.4  [90mC:\Users\User\OneDrive\Documentos\Arduino\libraries\Adafruit_BusIO[0m
[93mWire[0m                    3.3.0   [90mC:\Users\User\AppData\Local\Arduino15\packages\esp32\hardware\esp32\3.3.0\libraries\Wire[0m
[93mSPI[0m                     3.3.0   [90mC:\Users\User\AppData\Local\Arduino15\packages\esp32\hardware\esp32\3.3.0\libraries\SPI[0m
[93mAdafruit SSD1306[0m        2.5.15  [90mC:\Users\User\OneDrive\Documentos\Arduino\libraries\Adafruit_SSD1306[0m
[93mAdafruit BME280 Library[0m 2.3.0   [90mC:\Users\User\OneDrive\Documentos\Arduino\libraries\Adafruit_BME280_Library[0m
[93mAdafruit Unified Sensor[0m 1.1.15  [90mC:\Users\User\OneDrive\Documentos\Arduino\libraries\Adafruit_Unified_Sensor[0m
[93mESP Async WebServer[0m     3.10.3  [90mC:\Users\User\OneDrive\Documentos\Arduino\libraries\ESP_Async_WebServer[0m
[93mAsync TCP[0m               3.4.10  [90mC:\Users\User\OneDrive\Documentos\Arduino\libraries\Async_TCP[0m
[93mESPmDNS[0m                 3.3.0   [90mC:\Users\User\AppData\Local\Arduino15\packages\esp32\hardware\esp32\3.3.0\libraries\ESPmDNS[0m

[92mUsed platform[0m [92mVersion[0m [90mPath[0m
[93mesp32:esp32[0m   3.3.0   [90mC:\Users\User\AppData\Local\Arduino15\packages\esp32\hardware\esp32\3.3.0[0m
